// Jest Snapshot v1, https://goo.gl/fbAQLP

exports[`<App> should match snapshot when all data is passed correctly 1`] = `
<div
  className="App"
>
  <Header
    correctCards={Array []}
  />
  <main
    className="main-content"
  >
    <WelcomeScreen
      localStorageExist={false}
      startQuiz={[Function]}
    />
  </main>
  <Footer />
</div>
`;
