// Jest Snapshot v1, https://goo.gl/fbAQLP

exports[`<WelcomeScreen> should match snapshot when all data is passed correctly 1`] = `
<section
  className="WelcomeScreen"
>
  <article
    className="welcome-background"
  >
    <div
      className="welcome-content"
    >
      <span
        className="welcome-subHeader"
      >
        Welcome To
      </span>
      <h2>
        Relaxing 
        <i>
          Memoize
        </i>
         Flash Cards
      </h2>
      <p>
        Lets take a brief moment to relax, and once your ready, Press Start (Quiz yourself on HTML, CSS, & Javascript Knowledge).
      </p>
      <button
        className="welcome-btn"
        onClick={[MockFunction]}
      >
        <i
          className="fas fa-umbrella-beach"
        />
         Start Quiz
      </button>
    </div>
  </article>
</section>
`;
